// Jest Snapshot v1, https://goo.gl/fbAQLP

exports[`<CountryDetail> Should match snapshot 1`] = `
<div
  className="makeStyles-root-1"
>
  <WithStyles(ForwardRef(Button))
    onClick={[Function]}
    variant="outlined"
  >
    <Memo(ForwardRef(ArrowBackIcon)) />
     back
  </WithStyles(ForwardRef(Button))>
  <WithStyles(ForwardRef(Grid))
    alignItems="center"
    container={true}
    spacing={2}
  >
    <WithStyles(ForwardRef(Grid))
      className="makeStyles-textContainer-2"
      item={true}
      sm={6}
      xs={12}
    >
      <WithStyles(ForwardRef(Grid))
        alignItems="center"
        container={true}
        justify="center"
        spacing={2}
      >
        <WithStyles(ForwardRef(Grid))
          item={true}
          xs={12}
        >
          <WithStyles(ForwardRef(Grid))
            alignItems="center"
            container={true}
            justify="center"
            spacing={1}
          >
            <WithStyles(ForwardRef(Grid))
              item={true}
            >
              <WithStyles(ForwardRef(Typography))
                variant="body2"
              >
                [
                AFG
                ]
              </WithStyles(ForwardRef(Typography))>
            </WithStyles(ForwardRef(Grid))>
            <WithStyles(ForwardRef(Grid))
              item={true}
            >
              <WithStyles(ForwardRef(Typography))
                data-testid="name"
                variant="h4"
              >
                Afghanistan
              </WithStyles(ForwardRef(Typography))>
            </WithStyles(ForwardRef(Grid))>
            <WithStyles(ForwardRef(Grid))
              item={true}
            >
              <img
                alt="Afghanistan flag"
                src="https://restcountries.eu/data/afg.svg"
                style={
                  Object {
                    "height": 30,
                    "width": 40,
                  }
                }
              />
            </WithStyles(ForwardRef(Grid))>
          </WithStyles(ForwardRef(Grid))>
        </WithStyles(ForwardRef(Grid))>
        <WithStyles(ForwardRef(Grid))
          className="makeStyles-labelValueItem-3"
          item={true}
          xs={12}
        >
          <WithStyles(ForwardRef(Typography))
            align="center"
            variant="subtitle2"
          >
            Capital:
          </WithStyles(ForwardRef(Typography))>
          <WithStyles(ForwardRef(Typography))
            align="center"
            data-testid="capital"
            variant="body2"
          >
            Kabul
          </WithStyles(ForwardRef(Typography))>
        </WithStyles(ForwardRef(Grid))>
        <WithStyles(ForwardRef(Grid))
          className="makeStyles-labelValueItem-3"
          item={true}
          xs={12}
        >
          <WithStyles(ForwardRef(Typography))
            align="center"
            variant="subtitle2"
          >
            Currencies:
          </WithStyles(ForwardRef(Typography))>
          <WithStyles(ForwardRef(Typography))
            align="center"
            variant="body2"
          >
            Ø‹
          </WithStyles(ForwardRef(Typography))>
        </WithStyles(ForwardRef(Grid))>
        <WithStyles(ForwardRef(Grid))
          className="makeStyles-labelValueItem-3"
          item={true}
          xs={12}
        >
          <WithStyles(ForwardRef(Typography))
            align="center"
            variant="subtitle2"
          >
            Region:
          </WithStyles(ForwardRef(Typography))>
          <WithStyles(ForwardRef(Typography))
            align="center"
            variant="body2"
          >
            Asia
          </WithStyles(ForwardRef(Typography))>
        </WithStyles(ForwardRef(Grid))>
        <WithStyles(ForwardRef(Grid))
          className="makeStyles-labelValueItem-3"
          item={true}
          xs={12}
        >
          <WithStyles(ForwardRef(Typography))
            align="center"
            variant="subtitle2"
          >
            Population:
          </WithStyles(ForwardRef(Typography))>
          <WithStyles(ForwardRef(Typography))
            align="center"
            variant="body2"
          >
            27657145
          </WithStyles(ForwardRef(Typography))>
        </WithStyles(ForwardRef(Grid))>
        <WithStyles(ForwardRef(Grid))
          className="makeStyles-labelValueItem-3"
          item={true}
          xs={12}
        >
          <WithStyles(ForwardRef(Typography))
            align="center"
            variant="subtitle2"
          >
            Subregion:
          </WithStyles(ForwardRef(Typography))>
          <WithStyles(ForwardRef(Typography))
            align="center"
            variant="body2"
          >
            Southern Asia
          </WithStyles(ForwardRef(Typography))>
        </WithStyles(ForwardRef(Grid))>
        <WithStyles(ForwardRef(Grid))
          className="makeStyles-labelValueItem-3"
          item={true}
          xs={12}
        >
          <WithStyles(ForwardRef(Typography))
            align="center"
            variant="subtitle2"
          >
            Timezone/s:
          </WithStyles(ForwardRef(Typography))>
          <WithStyles(ForwardRef(Typography))
            align="center"
            variant="body2"
          >
            UTC+04:30
          </WithStyles(ForwardRef(Typography))>
        </WithStyles(ForwardRef(Grid))>
      </WithStyles(ForwardRef(Grid))>
    </WithStyles(ForwardRef(Grid))>
    <WithStyles(ForwardRef(Grid))
      item={true}
      sm={6}
      xs={12}
    >
      <iframe
        className="makeStyles-map-4"
        src="https://www.google.com/maps/embed/v1/place?q=33,65&key=AIzaSyBx0MPM-levclO7Hl5NHSczvHUb6gLk0b4&zoom=4"
        title="Afghanistan map"
      />
    </WithStyles(ForwardRef(Grid))>
  </WithStyles(ForwardRef(Grid))>
</div>
`;
