// Jest Snapshot v1, https://goo.gl/fbAQLP

exports[`<App> Should match snapshot 1`] = `
<div
  className="makeStyles-root-1"
>
  <h3
    className="MuiTypography-root makeStyles-header-2 MuiTypography-h3"
  >
    FirstLeaf Test
  </h3>
  <a
    className="makeStyles-link-3"
    href="/app"
    onClick={[Function]}
  >
    <h6
      className="MuiTypography-root makeStyles-header-2 MuiTypography-h6"
    >
      Start
    </h6>
  </a>
</div>
`;
